=== Testing Networking Agent ===
1. Searching for contacts at Google...
Found 10 contacts.
First contact: {'name': 'Shraddha Gupta (She/Her)', 'headline': 'I currently lead hiring efforts for AI teams at Google and DeepMind India, focusing on mid-senior to senior level positions. ... -Lead recruiter for AI teams at ...', 'link': 'https://in.linkedin.com/in/searchshraddha'}

2. Generating connection request...
Output: Hi Shraddha Gupta (She/Her), I'm Manan Kumar, an aspiring engineer. I admire Google's work and would love to connect!

3. Generating cold email...
Output: Error generating email....
Networking Agent tests completed successfully!

=== Testing Resume Tailor ===
1. Analyzing Resume vs JD...
Error in gap analysis: Error code: 402 - {'error': {'message': 'Insufficient credits. This account never purchased credits. Make sure your key is on the correct account or org, and if so, purchase more at https://openrouter.ai/settings/credits', 'code': 402}}
Missing Keywords: ['Error analyzing resume - check quotas or connection']
First Suggested Point: {'original': 'Resume Analysis Failed', 'new': 'Could not analyze resume. Please try again or manually edit.', 'reason': "System error: Error code: 402 - {'error': {'message': 'Insuffici..."}

2. Generating Cover Letter...
Cover Letter Snippet:
Error generating cover letter: Error code: 402 - {'error': {'message': 'Insufficient credits. This account never purchased credits. Make sure your key is on the correct account or org, and if so, purc...

3. Creating PDF...
PDF generated at: C:\Users\04man\OneDrive\Desktop\Ai-job\scrapper\..\Resumes\Test_Resume.pdf
Resume Tailor tests completed successfully!

